                             List of datasets in `testdata` library                            1
                                                               20:03 Thursday, December 17, 2020

                                             m
       l          m                          e                       t
       i          e                          m                       y          c
       b          m                          l                       p          r
       n          n                          a                       e          d          n n
  O    a          a                          b                       m          a          o v
  b    m          m                          e                       e          t          b a
  s    e          e                          l                       m          e          s r

  1 TESTDATA CLASSX      Created from `sashelp.class`               DATA 16DEC20:13:36:25 19 7
  2 TESTDATA CLASSX_LONG Data with multiple rows/events per subject DATA 16DEC20:13:36:25 38 4
                   List of variables in datasets stored in `testdata` library                  2
                                                               20:03 Thursday, December 17, 2020

                                                                                           i
           l           m        m                                                          n
           i           e        e                       l      v                        f  f
           b           m        m                       e      a           l            o  o
           n           n        t        n        t     n   n  r           a            r  r
     O     a           a        y        a        y     g   p  n           b            m  m
     b     m           m        p        m        p     t   o  u           e            a  a
     s     e           e        e        e        e     h   s  m           l            t  t

     1  TESTDATA  CLASSX       DATA  SSID        num    8   0  1  Subject id                
     2  TESTDATA  CLASSX       DATA  NAME        char   8  40  2                            
     3  TESTDATA  CLASSX       DATA  SEX         char   1  48  3                            
     4  TESTDATA  CLASSX       DATA  AGE         num    8   8  4                            
     5  TESTDATA  CLASSX       DATA  HEIGHT      num    8  16  5                            
     6  TESTDATA  CLASSX       DATA  WEIGHT      num    8  24  6                            
     7  TESTDATA  CLASSX       DATA  WEIGHT_KG   num    8  32  7                            
     8  TESTDATA  CLASSX_LONG  DATA  SSID        num    8   0  1  Subject id                
     9  TESTDATA  CLASSX_LONG  DATA  EVENT_NO    num    3  16  2                            
    10  TESTDATA  CLASSX_LONG  DATA  EVENT_NAME  char  20  19  3                            
    11  TESTDATA  CLASSX_LONG  DATA  AGE_LONG    num    8   8  4  Age at a given event      
                   List of variables in datasets stored in `testdata` library                  3
                                                               20:03 Thursday, December 17, 2020

                                      The MEANS Procedure

                                  N
 Variable    Label         N   Miss           Mean        Std Dev        Minimum      25th Pctl
 ƒƒƒƒƒƒƒƒƒƒƒƒƒƒƒƒƒƒƒƒƒƒƒƒƒƒƒƒƒƒƒƒƒƒƒƒƒƒƒƒƒƒƒƒƒƒƒƒƒƒƒƒƒƒƒƒƒƒƒƒƒƒƒƒƒƒƒƒƒƒƒƒƒƒƒƒƒƒƒƒƒƒƒƒƒƒƒƒƒƒƒƒƒƒ
 ssid        Subject id   19      0      10.000000       5.627314       1.000000       5.000000
 Age                      19      0      13.315789       1.492672      11.000000      12.000000
 Height                   19      0      62.336842       5.127075      51.300000      57.500000
 Weight                   19      0     100.026316      22.773933      50.500000      84.000000
 weight_kg                19      0      45.411947      10.339366      22.927000      38.136000
 ƒƒƒƒƒƒƒƒƒƒƒƒƒƒƒƒƒƒƒƒƒƒƒƒƒƒƒƒƒƒƒƒƒƒƒƒƒƒƒƒƒƒƒƒƒƒƒƒƒƒƒƒƒƒƒƒƒƒƒƒƒƒƒƒƒƒƒƒƒƒƒƒƒƒƒƒƒƒƒƒƒƒƒƒƒƒƒƒƒƒƒƒƒƒ

             Variable    Label           50th Pctl       75th Pctl         Maximum
             ƒƒƒƒƒƒƒƒƒƒƒƒƒƒƒƒƒƒƒƒƒƒƒƒƒƒƒƒƒƒƒƒƒƒƒƒƒƒƒƒƒƒƒƒƒƒƒƒƒƒƒƒƒƒƒƒƒƒƒƒƒƒƒƒƒƒƒƒƒ
             ssid        Subject id      10.000000       15.000000       19.000000
             Age                         13.000000       15.000000       16.000000
             Height                      62.800000       66.500000       72.000000
             Weight                      99.500000      112.500000      150.000000
             weight_kg                   45.173000       51.075000       68.100000
             ƒƒƒƒƒƒƒƒƒƒƒƒƒƒƒƒƒƒƒƒƒƒƒƒƒƒƒƒƒƒƒƒƒƒƒƒƒƒƒƒƒƒƒƒƒƒƒƒƒƒƒƒƒƒƒƒƒƒƒƒƒƒƒƒƒƒƒƒƒ
                   List of variables in datasets stored in `testdata` library                  4
                                                               20:03 Thursday, December 17, 2020

                                      The MEANS Procedure

                                       N
Variable  Label                  N  Miss          Mean       Std Dev       Minimum     25th Pctl
ƒƒƒƒƒƒƒƒƒƒƒƒƒƒƒƒƒƒƒƒƒƒƒƒƒƒƒƒƒƒƒƒƒƒƒƒƒƒƒƒƒƒƒƒƒƒƒƒƒƒƒƒƒƒƒƒƒƒƒƒƒƒƒƒƒƒƒƒƒƒƒƒƒƒƒƒƒƒƒƒƒƒƒƒƒƒƒƒƒƒƒƒƒƒƒƒ
ssid      Subject id            38     0     10.000000      5.550749      1.000000      5.000000
event_no                        38     0      1.500000      0.506712      1.000000      1.000000
age_long  Age at a given event  38     0     13.815789      1.557116     11.000000     13.000000
ƒƒƒƒƒƒƒƒƒƒƒƒƒƒƒƒƒƒƒƒƒƒƒƒƒƒƒƒƒƒƒƒƒƒƒƒƒƒƒƒƒƒƒƒƒƒƒƒƒƒƒƒƒƒƒƒƒƒƒƒƒƒƒƒƒƒƒƒƒƒƒƒƒƒƒƒƒƒƒƒƒƒƒƒƒƒƒƒƒƒƒƒƒƒƒƒ

          Variable  Label                    50th Pctl       75th Pctl         Maximum
          ƒƒƒƒƒƒƒƒƒƒƒƒƒƒƒƒƒƒƒƒƒƒƒƒƒƒƒƒƒƒƒƒƒƒƒƒƒƒƒƒƒƒƒƒƒƒƒƒƒƒƒƒƒƒƒƒƒƒƒƒƒƒƒƒƒƒƒƒƒƒƒƒƒƒƒƒ
          ssid      Subject id               10.000000       15.000000       19.000000
          event_no                            1.500000        2.000000        2.000000
          age_long  Age at a given event     14.000000       15.000000       17.000000
          ƒƒƒƒƒƒƒƒƒƒƒƒƒƒƒƒƒƒƒƒƒƒƒƒƒƒƒƒƒƒƒƒƒƒƒƒƒƒƒƒƒƒƒƒƒƒƒƒƒƒƒƒƒƒƒƒƒƒƒƒƒƒƒƒƒƒƒƒƒƒƒƒƒƒƒƒ
                                      Data `means_summary`                                     5
                                                               20:03 Thursday, December 17, 2020

Obs   memname       Variable    Label                   N   NMiss           Mean         StdDev

 1    CLASSX        ssid        Subject id             19     0        10.000000       5.627314
 2    CLASSX        Age                                19     0        13.315789       1.492672
 3    CLASSX        Height                             19     0        62.336842       5.127075
 4    CLASSX        Weight                             19     0       100.026316      22.773933
 5    CLASSX        weight_kg                          19     0        45.411947      10.339366
 6    CLASSX_LONG   ssid        Subject id             38     0        10.000000       5.550749
 7    CLASSX_LONG   event_no                           38     0         1.500000       0.506712
 8    CLASSX_LONG   age_long    Age at a given event   38     0        13.815789       1.557116

Obs            Min             P25             P50             P75             Max

 1        1.000000        5.000000       10.000000       15.000000       19.000000
 2       11.000000       12.000000       13.000000       15.000000       16.000000
 3       51.300000       57.500000       62.800000       66.500000       72.000000
 4       50.500000       84.000000       99.500000      112.500000      150.000000
 5       22.927000       38.136000       45.173000       51.075000       68.100000
 6        1.000000        5.000000       10.000000       15.000000       19.000000
 7        1.000000        1.000000        1.500000        2.000000        2.000000
 8       11.000000       13.000000       14.000000       15.000000       17.000000
